// Jest Snapshot v1, https://goo.gl/fbAQLP

exports[`renders the UI as expected 1`] = `
Array [
  <img
    alt="People standing with feet hips-width apart, a slight bend in their knees, hands by their sides and palms facing forward."
    className="pose"
    src="pose1.png"
  />,
  <br />,
  <h3>
    Good Job! The correct answer is: 
    Mountain Pose
    .  You choose right!
  </h3>,
  <a
    className="link"
    href="/question/2"
    onClick={[Function]}
  >
    Next Question
  </a>,
]
`;
